client/src/pages/Collab.tsx(99,14): error TS1005: ')' expected.
